Archive member included to satisfy reference by file (symbol)

c:/mounriver/mounriver_studio/toolchain/risc-v embedded gcc/bin/../lib/gcc/riscv-none-embed/8.2.0/rv32imacxw/ilp32\libgcc.a(save-restore.o)
                              ./User/main.o (__riscv_save_9)
c:/mounriver/mounriver_studio/toolchain/risc-v embedded gcc/bin/../lib/gcc/riscv-none-embed/8.2.0/../../../../riscv-none-embed/lib/rv32imacxw/ilp32\libg_nano.a(lib_a-memcpy.o)
                              ./User/UAVCAN4PX4.o (memcpy)
c:/mounriver/mounriver_studio/toolchain/risc-v embedded gcc/bin/../lib/gcc/riscv-none-embed/8.2.0/../../../../riscv-none-embed/lib/rv32imacxw/ilp32\libg_nano.a(lib_a-memset.o)
                              ./User/UAVCAN4PX4.o (memset)
c:/mounriver/mounriver_studio/toolchain/risc-v embedded gcc/bin/../lib/gcc/riscv-none-embed/8.2.0/../../../../riscv-none-embed/lib/rv32imacxw/ilp32\libg_nano.a(lib_a-printf.o)
                              ./User/main.o (printf)
c:/mounriver/mounriver_studio/toolchain/risc-v embedded gcc/bin/../lib/gcc/riscv-none-embed/8.2.0/../../../../riscv-none-embed/lib/rv32imacxw/ilp32\libg_nano.a(lib_a-puts.o)
                              ./User/main.o (puts)
c:/mounriver/mounriver_studio/toolchain/risc-v embedded gcc/bin/../lib/gcc/riscv-none-embed/8.2.0/../../../../riscv-none-embed/lib/rv32imacxw/ilp32\libg_nano.a(lib_a-wbuf.o)
                              c:/mounriver/mounriver_studio/toolchain/risc-v embedded gcc/bin/../lib/gcc/riscv-none-embed/8.2.0/../../../../riscv-none-embed/lib/rv32imacxw/ilp32\libg_nano.a(lib_a-puts.o) (__swbuf_r)
c:/mounriver/mounriver_studio/toolchain/risc-v embedded gcc/bin/../lib/gcc/riscv-none-embed/8.2.0/../../../../riscv-none-embed/lib/rv32imacxw/ilp32\libg_nano.a(lib_a-wsetup.o)
                              c:/mounriver/mounriver_studio/toolchain/risc-v embedded gcc/bin/../lib/gcc/riscv-none-embed/8.2.0/../../../../riscv-none-embed/lib/rv32imacxw/ilp32\libg_nano.a(lib_a-puts.o) (__swsetup_r)
c:/mounriver/mounriver_studio/toolchain/risc-v embedded gcc/bin/../lib/gcc/riscv-none-embed/8.2.0/../../../../riscv-none-embed/lib/rv32imacxw/ilp32\libg_nano.a(lib_a-fflush.o)
                              c:/mounriver/mounriver_studio/toolchain/risc-v embedded gcc/bin/../lib/gcc/riscv-none-embed/8.2.0/../../../../riscv-none-embed/lib/rv32imacxw/ilp32\libg_nano.a(lib_a-wbuf.o) (_fflush_r)
c:/mounriver/mounriver_studio/toolchain/risc-v embedded gcc/bin/../lib/gcc/riscv-none-embed/8.2.0/../../../../riscv-none-embed/lib/rv32imacxw/ilp32\libg_nano.a(lib_a-findfp.o)
                              c:/mounriver/mounriver_studio/toolchain/risc-v embedded gcc/bin/../lib/gcc/riscv-none-embed/8.2.0/../../../../riscv-none-embed/lib/rv32imacxw/ilp32\libg_nano.a(lib_a-printf.o) (__sinit)
c:/mounriver/mounriver_studio/toolchain/risc-v embedded gcc/bin/../lib/gcc/riscv-none-embed/8.2.0/../../../../riscv-none-embed/lib/rv32imacxw/ilp32\libg_nano.a(lib_a-fwalk.o)
                              c:/mounriver/mounriver_studio/toolchain/risc-v embedded gcc/bin/../lib/gcc/riscv-none-embed/8.2.0/../../../../riscv-none-embed/lib/rv32imacxw/ilp32\libg_nano.a(lib_a-findfp.o) (_fwalk)
c:/mounriver/mounriver_studio/toolchain/risc-v embedded gcc/bin/../lib/gcc/riscv-none-embed/8.2.0/../../../../riscv-none-embed/lib/rv32imacxw/ilp32\libg_nano.a(lib_a-impure.o)
                              c:/mounriver/mounriver_studio/toolchain/risc-v embedded gcc/bin/../lib/gcc/riscv-none-embed/8.2.0/../../../../riscv-none-embed/lib/rv32imacxw/ilp32\libg_nano.a(lib_a-fflush.o) (_global_impure_ptr)
c:/mounriver/mounriver_studio/toolchain/risc-v embedded gcc/bin/../lib/gcc/riscv-none-embed/8.2.0/../../../../riscv-none-embed/lib/rv32imacxw/ilp32\libg_nano.a(lib_a-makebuf.o)
                              c:/mounriver/mounriver_studio/toolchain/risc-v embedded gcc/bin/../lib/gcc/riscv-none-embed/8.2.0/../../../../riscv-none-embed/lib/rv32imacxw/ilp32\libg_nano.a(lib_a-wsetup.o) (__smakebuf_r)
c:/mounriver/mounriver_studio/toolchain/risc-v embedded gcc/bin/../lib/gcc/riscv-none-embed/8.2.0/../../../../riscv-none-embed/lib/rv32imacxw/ilp32\libg_nano.a(lib_a-nano-freer.o)
                              c:/mounriver/mounriver_studio/toolchain/risc-v embedded gcc/bin/../lib/gcc/riscv-none-embed/8.2.0/../../../../riscv-none-embed/lib/rv32imacxw/ilp32\libg_nano.a(lib_a-wsetup.o) (_free_r)
c:/mounriver/mounriver_studio/toolchain/risc-v embedded gcc/bin/../lib/gcc/riscv-none-embed/8.2.0/../../../../riscv-none-embed/lib/rv32imacxw/ilp32\libg_nano.a(lib_a-nano-mallocr.o)
                              c:/mounriver/mounriver_studio/toolchain/risc-v embedded gcc/bin/../lib/gcc/riscv-none-embed/8.2.0/../../../../riscv-none-embed/lib/rv32imacxw/ilp32\libg_nano.a(lib_a-findfp.o) (_malloc_r)
c:/mounriver/mounriver_studio/toolchain/risc-v embedded gcc/bin/../lib/gcc/riscv-none-embed/8.2.0/../../../../riscv-none-embed/lib/rv32imacxw/ilp32\libg_nano.a(lib_a-nano-vfprintf.o)
[...]
Memory Configuration

Name             Origin             Length             Attributes
FLASH            0x0000000000000000 0x0000000000010000 xr
RAM              0x0000000020000000 0x0000000000005000 xrw
*default*        0x0000000000000000 0xffffffffffffffff

Linker script and memory map

LOAD ./User/UAVCAN4PX4.o
LOAD ./User/ch32v20x_it.o
LOAD ./User/main.o
LOAD ./User/system_ch32v20x.o
LOAD ./Startup/startup_ch32v20x_D6.o
LOAD ./Peripheral/src/ch32v20x_adc.o
LOAD ./Peripheral/src/ch32v20x_bkp.o
LOAD ./Peripheral/src/ch32v20x_can.o
LOAD ./Peripheral/src/ch32v20x_crc.o
LOAD ./Peripheral/src/ch32v20x_dbgmcu.o
LOAD ./Peripheral/src/ch32v20x_dma.o
LOAD ./Peripheral/src/ch32v20x_exti.o
LOAD ./Peripheral/src/ch32v20x_flash.o
LOAD ./Peripheral/src/ch32v20x_gpio.o
LOAD ./Peripheral/src/ch32v20x_i2c.o
LOAD ./Peripheral/src/ch32v20x_iwdg.o
LOAD ./Peripheral/src/ch32v20x_misc.o
LOAD ./Peripheral/src/ch32v20x_opa.o
LOAD ./Peripheral/src/ch32v20x_pwr.o
LOAD ./Peripheral/src/ch32v20x_rcc.o
LOAD ./Peripheral/src/ch32v20x_rtc.o
LOAD ./Peripheral/src/ch32v20x_spi.o
LOAD ./Peripheral/src/ch32v20x_tim.o
LOAD ./Peripheral/src/ch32v20x_usart.o
LOAD ./Peripheral/src/ch32v20x_wwdg.o
LOAD ./Debug/debug.o
LOAD ./Core/core_riscv.o
LOAD c:/mounriver/mounriver_studio/toolchain/risc-v embedded gcc/bin/../lib/gcc/riscv-none-embed/8.2.0/rv32imacxw/ilp32\libgcc.a
LOAD c:/mounriver/mounriver_studio/toolchain/risc-v embedded gcc/bin/../lib/gcc/riscv-none-embed/8.2.0/../../../../riscv-none-embed/lib/rv32imacxw/ilp32\libg_nano.a
LOAD c:/mounriver/mounriver_studio/toolchain/risc-v embedded gcc/bin/../lib/gcc/riscv-none-embed/8.2.0/../../../../riscv-none-embed/lib/rv32imacxw/ilp32\libc_nano.a
LOAD c:/mounriver/mounriver_studio/toolchain/risc-v embedded gcc/bin/../lib/gcc/riscv-none-embed/8.2.0/rv32imacxw/ilp32\libgcc.a
START GROUP
LOAD c:/mounriver/mounriver_studio/toolchain/risc-v embedded gcc/bin/../lib/gcc/riscv-none-embed/8.2.0/rv32imacxw/ilp32\libgcc.a
LOAD c:/mounriver/mounriver_studio/toolchain/risc-v embedded gcc/bin/../lib/gcc/riscv-none-embed/8.2.0/../../../../riscv-none-embed/lib/rv32imacxw/ilp32\libc_nano.a
LOAD c:/mounriver/mounriver_studio/toolchain/risc-v embedded gcc/bin/../lib/gcc/riscv-none-embed/8.2.0/../../../../riscv-none-embed/lib/rv32imacxw/ilp32\libnosys.a
END GROUP
START GROUP
LOAD c:/mounriver/mounriver_studio/toolchain/risc-v embedded gcc/bin/../lib/gcc/riscv-none-embed/8.2.0/rv32imacxw/ilp32\libgcc.a
LOAD c:/mounriver/mounriver_studio/toolchain/risc-v embedded gcc/bin/../lib/gcc/riscv-none-embed/8.2.0/../../../../riscv-none-embed/lib/rv32imacxw/ilp32\libc_nano.a
LOAD c:/mounriver/mounriver_studio/toolchain/risc-v embedded gcc/bin/../lib/gcc/riscv-none-embed/8.2.0/../../../../riscv-none-embed/lib/rv32imacxw/ilp32\libnosys.a
END GROUP
                0x0000000000000800                __stack_size = 0x800
                [!provide]                        PROVIDE (_stack_size = __stack_size)

.init           0x0000000000000000        0x4
                0x0000000000000000                _sinit = .
                0x0000000000000000                . = ALIGN (0x4)
 *(SORT_NONE(.init))
 .init          0x0000000000000000        0x4 ./Startup/startup_ch32v20x_D6.o
                0x0000000000000000                _start
                0x0000000000000004                . = ALIGN (0x4)
                0x0000000000000004                _einit = .

.vector         0x0000000000000004       0xfc
 *(.vector)
 .vector        0x0000000000000004       0xfc ./Startup/startup_ch32v20x_D6.o
                0x0000000000000100                . = ALIGN (0x40)

.text           0x0000000000000100     0x2670
                0x0000000000000100                . = ALIGN (0x4)
 *(.text)
 .text          0x0000000000000100       0x60 c:/mounriver/mounriver_studio/toolchain/risc-v embedded gcc/bin/../lib/gcc/riscv-none-embed/8.2.0/rv32imacxw/ilp32\libgcc.a(save-restore.o)
                0x0000000000000100                __riscv_save_12
                0x0000000000000108                __riscv_save_9
                0x0000000000000108                __riscv_save_11
                0x0000000000000108                __riscv_save_10
                0x0000000000000108                __riscv_save_8
                0x0000000000000116                __riscv_save_4
                0x0000000000000116                __riscv_save_6
                0x0000000000000116                __riscv_save_5
                0x0000000000000116                __riscv_save_7
                0x0000000000000130                __riscv_save_3
                0x0000000000000130                __riscv_save_2
                0x0000000000000130                __riscv_save_1
                0x0000000000000130                __riscv_save_0
                0x000000000000013c                __riscv_restore_12
                0x0000000000000140                __riscv_restore_11
                0x0000000000000140                __riscv_restore_9
                0x0000000000000140                __riscv_restore_10
                0x0000000000000140                __riscv_restore_8
                0x000000000000014a                __riscv_restore_5
                0x000000000000014a                __riscv_restore_7
                0x000000000000014a                __riscv_restore_6
                0x000000000000014a                __riscv_restore_4
                0x0000000000000154                __riscv_restore_3
                0x0000000000000154                __riscv_restore_0
                0x0000000000000154                __riscv_restore_2
                0x0000000000000154                __riscv_restore_1
 .text          0x0000000000000160       0xa8 c:/mounriver/mounriver_studio/toolchain/risc-v embedded gcc/bin/../lib/gcc/riscv-none-embed/8.2.0/../../../../riscv-none-embed/lib/rv32imacxw/ilp32\libg_nano.a(lib_a-memset.o)
                0x0000000000000160                memset
 *(.text.*)
 .text.UAVCAN_Init
                0x0000000000000208      0x11e ./User/UAVCAN4PX4.o
                0x0000000000000208                UAVCAN_Init
 .text.UAVCAN_Process
                0x0000000000000326       0xac ./User/UAVCAN4PX4.o
                0x0000000000000326                UAVCAN_Process
 .text.UAVCAN_SendTransfer
                0x00000000000003d2       0x88 ./User/UAVCAN4PX4.o
                0x00000000000003d2                UAVCAN_SendTransfer
 .text.UAVCAN_SendHeartbeat
                0x000000000000045a       0x68 ./User/UAVCAN4PX4.o
                0x000000000000045a                UAVCAN_SendHeartbeat
 .text.UAVCAN_SendESCCommand
                0x00000000000004c2       0x7c ./User/UAVCAN4PX4.o
                0x00000000000004c2                UAVCAN_SendESCCommand
 .text.UAVCAN_SendNodeInfo
                0x000000000000053e       0x62 ./User/UAVCAN4PX4.o
                0x000000000000053e                UAVCAN_SendNodeInfo
 .text.UAVCAN_RegisterMessageHandler
                0x00000000000005a0        0x6 ./User/UAVCAN4PX4.o
                0x00000000000005a0                UAVCAN_RegisterMessageHandler
 .text.UAVCAN_RegisterErrorHandler
                0x00000000000005a6        0x6 ./User/UAVCAN4PX4.o
                0x00000000000005a6                UAVCAN_RegisterErrorHandler
 .text.NMI_Handler
                0x00000000000005ac        0x2 ./User/ch32v20x_it.o
                0x00000000000005ac                NMI_Handler
 .text.HardFault_Handler
                0x00000000000005ae       0x10 ./User/ch32v20x_it.o
                0x00000000000005ae                HardFault_Handler
 .text.UAVCAN_ErrorHandler
                0x00000000000005be       0x42 ./User/main.o
                0x00000000000005be                UAVCAN_ErrorHandler
 .text.UAVCAN_MessageHandler
                0x0000000000000600       0x54 ./User/main.o
                0x0000000000000600                UAVCAN_MessageHandler
 .text.LED_Init
                0x0000000000000654       0x3c ./User/main.o
                0x0000000000000654                LED_Init
 .text.Timer_Init
                0x0000000000000690       0x50 ./User/main.o
                0x0000000000000690                Timer_Init
 .text.Get_Microseconds
                0x00000000000006e0        0xe ./User/main.o
                0x00000000000006e0                Get_Microseconds
 .text.startup.main
                0x00000000000006ee      0x15a ./User/main.o
                0x00000000000006ee                main
 .text.SystemInit
                0x0000000000000848       0xea ./User/system_ch32v20x.o
                0x0000000000000848                SystemInit
 .text.SystemCoreClockUpdate
                0x0000000000000932       0x92 ./User/system_ch32v20x.o
                0x0000000000000932                SystemCoreClockUpdate
 .text.vector_handler
                0x00000000000009c4        0x2 ./Startup/startup_ch32v20x_D6.o
                0x00000000000009c4                EXTI2_IRQHandler
                0x00000000000009c4                TIM1_CC_IRQHandler
                0x00000000000009c4                SysTick_Handler
                0x00000000000009c4                PVD_IRQHandler
                0x00000000000009c4                EXTI3_IRQHandler
                0x00000000000009c4                USBFS_IRQHandler
                0x00000000000009c4                EXTI0_IRQHandler
                0x00000000000009c4                I2C2_EV_IRQHandler
                0x00000000000009c4                ADC1_2_IRQHandler
                0x00000000000009c4                Break_Point_Handler
                0x00000000000009c4                SPI1_IRQHandler
                0x00000000000009c4                TAMPER_IRQHandler
                0x00000000000009c4                Ecall_M_Mode_Handler
                0x00000000000009c4                DMA1_Channel4_IRQHandler
                0x00000000000009c4                USART3_IRQHandler
                0x00000000000009c4                RTC_IRQHandler
                0x00000000000009c4                DMA1_Channel7_IRQHandler
                0x00000000000009c4                CAN1_RX1_IRQHandler
                0x00000000000009c4                TIM4_IRQHandler
                0x00000000000009c4                I2C1_EV_IRQHandler
                0x00000000000009c4                DMA1_Channel6_IRQHandler
                0x00000000000009c4                UART4_IRQHandler
                0x00000000000009c4                TIM3_IRQHandler
                0x00000000000009c4                RCC_IRQHandler
                0x00000000000009c4                TIM1_TRG_COM_IRQHandler
                0x00000000000009c4                DMA1_Channel1_IRQHandler
                0x00000000000009c4                EXTI15_10_IRQHandler
                0x00000000000009c4                DMA1_Channel8_IRQHandler
                0x00000000000009c4                EXTI9_5_IRQHandler
                0x00000000000009c4                SPI2_IRQHandler
                0x00000000000009c4                DMA1_Channel5_IRQHandler
                0x00000000000009c4                EXTI4_IRQHandler
                0x00000000000009c4                USB_LP_CAN1_RX0_IRQHandler
                0x00000000000009c4                USB_HP_CAN1_TX_IRQHandler
                0x00000000000009c4                DMA1_Channel3_IRQHandler
                0x00000000000009c4                TIM1_UP_IRQHandler
                0x00000000000009c4                WWDG_IRQHandler
                0x00000000000009c4                Ecall_U_Mode_Handler
                0x00000000000009c4                TIM2_IRQHandler
                0x00000000000009c4                SW_Handler
                0x00000000000009c4                TIM1_BRK_IRQHandler
                0x00000000000009c4                EXTI1_IRQHandler
                0x00000000000009c4                RTCAlarm_IRQHandler
                0x00000000000009c4                USART2_IRQHandler
                0x00000000000009c4                I2C2_ER_IRQHandler
                0x00000000000009c4                DMA1_Channel2_IRQHandler
                0x00000000000009c4                CAN1_SCE_IRQHandler
                0x00000000000009c4                FLASH_IRQHandler
                0x00000000000009c4                USBFSWakeUp_IRQHandler
                0x00000000000009c4                USART1_IRQHandler
                0x00000000000009c4                I2C1_ER_IRQHandler
                0x00000000000009c4                USBWakeUp_IRQHandler
 .text.handle_reset
                0x00000000000009c6       0x86 ./Startup/startup_ch32v20x_D6.o
                0x00000000000009c6                handle_reset
 .text.CAN_DeInit
                0x0000000000000a4c       0x32 ./Peripheral/src/ch32v20x_can.o
                0x0000000000000a4c                CAN_DeInit
 .text.CAN_Init
                0x0000000000000a7e       0xe8 ./Peripheral/src/ch32v20x_can.o
                0x0000000000000a7e                CAN_Init
 .text.CAN_FilterInit
                0x0000000000000b66      0x118 ./Peripheral/src/ch32v20x_can.o
                0x0000000000000b66                CAN_FilterInit
 .text.CAN_StructInit
                0x0000000000000c7e       0x24 ./Peripheral/src/ch32v20x_can.o
                0x0000000000000c7e                CAN_StructInit
 .text.CAN_Transmit
                0x0000000000000ca2       0xbc ./Peripheral/src/ch32v20x_can.o
                0x0000000000000ca2                CAN_Transmit
 .text.CAN_TransmitStatus
                0x0000000000000d5e       0x62 ./Peripheral/src/ch32v20x_can.o
                0x0000000000000d5e                CAN_TransmitStatus
 .text.CAN_Receive
                0x0000000000000dc0       0x8c ./Peripheral/src/ch32v20x_can.o
                0x0000000000000dc0                CAN_Receive
 .text.CAN_MessagePending
                0x0000000000000e4c       0x16 ./Peripheral/src/ch32v20x_can.o
                0x0000000000000e4c                CAN_MessagePending
 .text.CRC_ResetDR
                0x0000000000000e62        0xa ./Peripheral/src/ch32v20x_crc.o
                0x0000000000000e62                CRC_ResetDR
 .text.DBGMCU_GetCHIPID
                0x0000000000000e6c        0xa ./Peripheral/src/ch32v20x_dbgmcu.o
                0x0000000000000e6c                DBGMCU_GetCHIPID
 .text.GPIO_Init
                0x0000000000000e76       0xf2 ./Peripheral/src/ch32v20x_gpio.o
                0x0000000000000e76                GPIO_Init
 .text.GPIO_ReadOutputDataBit
                0x0000000000000f68       0x1a ./Peripheral/src/ch32v20x_gpio.o
                0x0000000000000f68                GPIO_ReadOutputDataBit
 .text.GPIO_SetBits
                0x0000000000000f82       0x14 ./Peripheral/src/ch32v20x_gpio.o
                0x0000000000000f82                GPIO_SetBits
 .text.GPIO_ResetBits
                0x0000000000000f96       0x14 ./Peripheral/src/ch32v20x_gpio.o
                0x0000000000000f96                GPIO_ResetBits
 .text.NVIC_PriorityGroupConfig
                0x0000000000000faa        0x6 ./Peripheral/src/ch32v20x_misc.o
                0x0000000000000faa                NVIC_PriorityGroupConfig
 .text.RCC_GetClocksFreq
                0x0000000000000fb0       0xbe ./Peripheral/src/ch32v20x_rcc.o
                0x0000000000000fb0                RCC_GetClocksFreq
 .text.RCC_AHBPeriphClockCmd
                0x000000000000106e       0x1e ./Peripheral/src/ch32v20x_rcc.o
                0x000000000000106e                RCC_AHBPeriphClockCmd
 .text.RCC_APB2PeriphClockCmd
                0x000000000000108c       0x1e ./Peripheral/src/ch32v20x_rcc.o
                0x000000000000108c                RCC_APB2PeriphClockCmd
 .text.RCC_APB1PeriphClockCmd
                0x00000000000010aa       0x1e ./Peripheral/src/ch32v20x_rcc.o
                0x00000000000010aa                RCC_APB1PeriphClockCmd
 .text.RCC_APB1PeriphResetCmd
                0x00000000000010c8       0x1e ./Peripheral/src/ch32v20x_rcc.o
                0x00000000000010c8                RCC_APB1PeriphResetCmd
 .text.TIM_TimeBaseInit
                0x00000000000010e6       0x6a ./Peripheral/src/ch32v20x_tim.o
                0x00000000000010e6                TIM_TimeBaseInit
 .text.TIM_Cmd  0x0000000000001150       0x18 ./Peripheral/src/ch32v20x_tim.o
                0x0000000000001150                TIM_Cmd
 .text.TIM_GetCounter
                0x0000000000001168        0x4 ./Peripheral/src/ch32v20x_tim.o
                0x0000000000001168                TIM_GetCounter
 .text.USART_Init
                0x000000000000116c       0x8e ./Peripheral/src/ch32v20x_usart.o
                0x000000000000116c                USART_Init
 .text.USART_Cmd
                0x00000000000011fa       0x16 ./Peripheral/src/ch32v20x_usart.o
                0x00000000000011fa                USART_Cmd
 .text.USART_SendData
                0x0000000000001210        0x8 ./Peripheral/src/ch32v20x_usart.o
                0x0000000000001210                USART_SendData
 .text.USART_GetFlagStatus
                0x0000000000001218        0xa ./Peripheral/src/ch32v20x_usart.o
                0x0000000000001218                USART_GetFlagStatus
 .text.Delay_Init
                0x0000000000001222       0x2a ./Debug/debug.o
                0x0000000000001222                Delay_Init
 .text.Delay_Ms
                0x000000000000124c       0x36 ./Debug/debug.o
                0x000000000000124c                Delay_Ms
 .text.USART_Printf_Init
                0x0000000000001282       0x52 ./Debug/debug.o
                0x0000000000001282                USART_Printf_Init
 .text._write   0x00000000000012d4       0x3a ./Debug/debug.o
                0x00000000000012d4                _write
 .text._sbrk    0x000000000000130e       0x26 ./Debug/debug.o
                0x000000000000130e                _sbrk
 .text.memcpy   0x0000000000001334       0xb2 c:/mounriver/mounriver_studio/toolchain/risc-v embedded gcc/bin/../lib/gcc/riscv-none-embed/8.2.0/../../../../riscv-none-embed/lib/rv32imacxw/ilp32\libg_nano.a(lib_a-memcpy.o)
                0x0000000000001334                memcpy
 .text.printf   0x00000000000013e6       0x40 c:/mounriver/mounriver_studio/toolchain/risc-v embedded gcc/bin/../lib/gcc/riscv-none-embed/8.2.0/../../../../riscv-none-embed/lib/rv32imacxw/ilp32\libg_nano.a(lib_a-printf.o)
                0x00000000000013e6                iprintf
                0x00000000000013e6                printf
 .text._puts_r  0x0000000000001426       0xd4 c:/mounriver/mounriver_studio/toolchain/risc-v embedded gcc/bin/../lib/gcc/riscv-none-embed/8.2.0/../../../../riscv-none-embed/lib/rv32imacxw/ilp32\libg_nano.a(lib_a-puts.o)
                0x0000000000001426                _puts_r
 .text.puts     0x00000000000014fa        0xa c:/mounriver/mounriver_studio/toolchain/risc-v embedded gcc/bin/../lib/gcc/riscv-none-embed/8.2.0/../../../../riscv-none-embed/lib/rv32imacxw/ilp32\libg_nano.a(lib_a-puts.o)
                0x00000000000014fa                puts
 .text.__swbuf_r
                0x0000000000001504       0xbc c:/mounriver/mounriver_studio/toolchain/risc-v embedded gcc/bin/../lib/gcc/riscv-none-embed/8.2.0/../../../../riscv-none-embed/lib/rv32imacxw/ilp32\libg_nano.a(lib_a-wbuf.o)
                0x0000000000001504                __swbuf_r
 .text.__swsetup_r
                0x00000000000015c0       0xfc c:/mounriver/mounriver_studio/toolchain/risc-v embedded gcc/bin/../lib/gcc/riscv-none-embed/8.2.0/../../../../riscv-none-embed/lib/rv32imacxw/ilp32\libg_nano.a(lib_a-wsetup.o)
                0x00000000000015c0                __swsetup_r
 .text.__sflush_r
                0x00000000000016bc      0x130 c:/mounriver/mounriver_studio/toolchain/risc-v embedded gcc/bin/../lib/gcc/riscv-none-embed/8.2.0/../../../../riscv-none-embed/lib/rv32imacxw/ilp32\libg_nano.a(lib_a-fflush.o)
                0x00000000000016bc                __sflush_r
 .text._fflush_r
                0x00000000000017ec       0x64 c:/mounriver/mounriver_studio/toolchain/risc-v embedded gcc/bin/../lib/gcc/riscv-none-embed/8.2.0/../../../../riscv-none-embed/lib/rv32imacxw/ilp32\libg_nano.a(lib_a-fflush.o)
                0x00000000000017ec                _fflush_r
 .text.std      0x0000000000001850       0x66 c:/mounriver/mounriver_studio/toolchain/risc-v embedded gcc/bin/../lib/gcc/riscv-none-embed/8.2.0/../../../../riscv-none-embed/lib/rv32imacxw/ilp32\libg_nano.a(lib_a-findfp.o)
 .text._cleanup_r
                0x00000000000018b6        0xa c:/mounriver/mounriver_studio/toolchain/risc-v embedded gcc/bin/../lib/gcc/riscv-none-embed/8.2.0/../../../../riscv-none-embed/lib/rv32imacxw/ilp32\libg_nano.a(lib_a-findfp.o)
                0x00000000000018b6                _cleanup_r
 .text.__sfmoreglue
                0x00000000000018c0       0x46 c:/mounriver/mounriver_studio/toolchain/risc-v embedded gcc/bin/../lib/gcc/riscv-none-embed/8.2.0/../../../../riscv-none-embed/lib/rv32imacxw/ilp32\libg_nano.a(lib_a-findfp.o)
                0x00000000000018c0                __sfmoreglue
 .text.__sinit  0x0000000000001906       0x66 c:/mounriver/mounriver_studio/toolchain/risc-v embedded gcc/bin/../lib/gcc/riscv-none-embed/8.2.0/../../../../riscv-none-embed/lib/rv32imacxw/ilp32\libg_nano.a(lib_a-findfp.o)
                0x0000000000001906                __sinit
 .text.__sfp    0x000000000000196c       0x9c c:/mounriver/mounriver_studio/toolchain/risc-v embedded gcc/bin/../lib/gcc/riscv-none-embed/8.2.0/../../../../riscv-none-embed/lib/rv32imacxw/ilp32\libg_nano.a(lib_a-findfp.o)
                0x000000000000196c                __sfp
 .text._fwalk_reent
                0x0000000000001a08       0x6a c:/mounriver/mounriver_studio/toolchain/risc-v embedded gcc/bin/../lib/gcc/riscv-none-embed/8.2.0/../../../../riscv-none-embed/lib/rv32imacxw/ilp32\libg_nano.a(lib_a-fwalk.o)
                0x0000000000001a08                _fwalk_reent
 .text.__swhatbuf_r
                0x0000000000001a72       0x58 c:/mounriver/mounriver_studio/toolchain/risc-v embedded gcc/bin/../lib/gcc/riscv-none-embed/8.2.0/../../../../riscv-none-embed/lib/rv32imacxw/ilp32\libg_nano.a(lib_a-makebuf.o)
                0x0000000000001a72                __swhatbuf_r
 .text.__smakebuf_r
                0x0000000000001aca       0x90 c:/mounriver/mounriver_studio/toolchain/risc-v embedded gcc/bin/../lib/gcc/riscv-none-embed/8.2.0/../../../../riscv-none-embed/lib/rv32imacxw/ilp32\libg_nano.a(lib_a-makebuf.o)
                0x0000000000001aca                __smakebuf_r
 .text._free_r  0x0000000000001b5a       0xa8 c:/mounriver/mounriver_studio/toolchain/risc-v embedded gcc/bin/../lib/gcc/riscv-none-embed/8.2.0/../../../../riscv-none-embed/lib/rv32imacxw/ilp32\libg_nano.a(lib_a-nano-freer.o)
                0x0000000000001b5a                _free_r
 .text._malloc_r
                0x0000000000001c02       0xd4 c:/mounriver/mounriver_studio/toolchain/risc-v embedded gcc/bin/../lib/gcc/riscv-none-embed/8.2.0/../../../../riscv-none-embed/lib/rv32imacxw/ilp32\libg_nano.a(lib_a-nano-mallocr.o)
                0x0000000000001c02                _malloc_r
 .text.__sfputc_r
                0x0000000000001cd6       0x28 c:/mounriver/mounriver_studio/toolchain/risc-v embedded gcc/bin/../lib/gcc/riscv-none-embed/8.2.0/../../../../riscv-none-embed/lib/rv32imacxw/ilp32\libg_nano.a(lib_a-nano-vfprintf.o)
 .text.__sfputs_r
                0x0000000000001cfe       0x40 c:/mounriver/mounriver_studio/toolchain/risc-v embedded gcc/bin/../lib/gcc/riscv-none-embed/8.2.0/../../../../riscv-none-embed/lib/rv32imacxw/ilp32\libg_nano.a(lib_a-nano-vfprintf.o)
                0x0000000000001cfe                __sfputs_r
 .text._vfprintf_r
                0x0000000000001d3e      0x284 c:/mounriver/mounriver_studio/toolchain/risc-v embedded gcc/bin/../lib/gcc/riscv-none-embed/8.2.0/../../../../riscv-none-embed/lib/rv32imacxw/ilp32\libg_nano.a(lib_a-nano-vfprintf.o)
                0x0000000000001d3e                _vfprintf_r
                0x0000000000001d3e                _vfiprintf_r
 .text._printf_common
                0x0000000000001fc2      0x10c c:/mounriver/mounriver_studio/toolchain/risc-v embedded gcc/bin/../lib/gcc/riscv-none-embed/8.2.0/../../../../riscv-none-embed/lib/rv32imacxw/ilp32\libg_nano.a(lib_a-nano-vfprintf_i.o)
                0x0000000000001fc2                _printf_common
 .text._printf_i
                0x00000000000020ce      0x2a0 c:/mounriver/mounriver_studio/toolchain/risc-v embedded gcc/bin/../lib/gcc/riscv-none-embed/8.2.0/../../../../riscv-none-embed/lib/rv32imacxw/ilp32\libg_nano.a(lib_a-nano-vfprintf_i.o)
                0x00000000000020ce                _printf_i
 .text._sbrk_r  0x000000000000236e       0x2a c:/mounriver/mounriver_studio/toolchain/risc-v embedded gcc/bin/../lib/gcc/riscv-none-embed/8.2.0/../../../../riscv-none-embed/lib/rv32imacxw/ilp32\libg_nano.a(lib_a-sbrkr.o)
                0x000000000000236e                _sbrk_r
 .text.__sread  0x0000000000002398       0x2c c:/mounriver/mounriver_studio/toolchain/risc-v embedded gcc/bin/../lib/gcc/riscv-none-embed/8.2.0/../../../../riscv-none-embed/lib/rv32imacxw/ilp32\libg_nano.a(lib_a-stdio.o)
                0x0000000000002398                __sread
 .text.__swrite
                0x00000000000023c4       0x48 c:/mounriver/mounriver_studio/toolchain/risc-v embedded gcc/bin/../lib/gcc/riscv-none-embed/8.2.0/../../../../riscv-none-embed/lib/rv32imacxw/ilp32\libg_nano.a(lib_a-stdio.o)
                0x00000000000023c4                __swrite
 .text.__sseek  0x000000000000240c       0x30 c:/mounriver/mounriver_studio/toolchain/risc-v embedded gcc/bin/../lib/gcc/riscv-none-embed/8.2.0/../../../../riscv-none-embed/lib/rv32imacxw/ilp32\libg_nano.a(lib_a-stdio.o)
                0x000000000000240c                __sseek
 .text.__sclose
                0x000000000000243c        0x6 c:/mounriver/mounriver_studio/toolchain/risc-v embedded gcc/bin/../lib/gcc/riscv-none-embed/8.2.0/../../../../riscv-none-embed/lib/rv32imacxw/ilp32\libg_nano.a(lib_a-stdio.o)
                0x000000000000243c                __sclose
 .text._write_r
                0x0000000000002442       0x2e c:/mounriver/mounriver_studio/toolchain/risc-v embedded gcc/bin/../lib/gcc/riscv-none-embed/8.2.0/../../../../riscv-none-embed/lib/rv32imacxw/ilp32\libg_nano.a(lib_a-writer.o)
                0x0000000000002442                _write_r
 .text._close_r
                0x0000000000002470       0x28 c:/mounriver/mounriver_studio/toolchain/risc-v embedded gcc/bin/../lib/gcc/riscv-none-embed/8.2.0/../../../../riscv-none-embed/lib/rv32imacxw/ilp32\libg_nano.a(lib_a-closer.o)
                0x0000000000002470                _close_r
 .text._fstat_r
                0x0000000000002498       0x2a c:/mounriver/mounriver_studio/toolchain/risc-v embedded gcc/bin/../lib/gcc/riscv-none-embed/8.2.0/../../../../riscv-none-embed/lib/rv32imacxw/ilp32\libg_nano.a(lib_a-fstatr.o)
                0x0000000000002498                _fstat_r
 .text._isatty_r
                0x00000000000024c2       0x28 c:/mounriver/mounriver_studio/toolchain/risc-v embedded gcc/bin/../lib/gcc/riscv-none-embed/8.2.0/../../../../riscv-none-embed/lib/rv32imacxw/ilp32\libg_nano.a(lib_a-isattyr.o)
                0x00000000000024c2                _isatty_r
 .text._lseek_r
                0x00000000000024ea       0x2c c:/mounriver/mounriver_studio/toolchain/risc-v embedded gcc/bin/../lib/gcc/riscv-none-embed/8.2.0/../../../../riscv-none-embed/lib/rv32imacxw/ilp32\libg_nano.a(lib_a-lseekr.o)
                0x00000000000024ea                _lseek_r
 .text.memchr   0x0000000000002516       0x18 c:/mounriver/mounriver_studio/toolchain/risc-v embedded gcc/bin/../lib/gcc/riscv-none-embed/8.2.0/../../../../riscv-none-embed/lib/rv32imacxw/ilp32\libg_nano.a(lib_a-memchr.o)
                0x0000000000002516                memchr
 .text.__malloc_lock
                0x000000000000252e        0x2 c:/mounriver/mounriver_studio/toolchain/risc-v embedded gcc/bin/../lib/gcc/riscv-none-embed/8.2.0/../../../../riscv-none-embed/lib/rv32imacxw/ilp32\libg_nano.a(lib_a-mlock.o)
                0x000000000000252e                __malloc_lock
 .text.__malloc_unlock
                0x0000000000002530        0x2 c:/mounriver/mounriver_studio/toolchain/risc-v embedded gcc/bin/../lib/gcc/riscv-none-embed/8.2.0/../../../../riscv-none-embed/lib/rv32imacxw/ilp32\libg_nano.a(lib_a-mlock.o)
                0x0000000000002530                __malloc_unlock
 .text._read_r  0x0000000000002532       0x2c c:/mounriver/mounriver_studio/toolchain/risc-v embedded gcc/bin/../lib/gcc/riscv-none-embed/8.2.0/../../../../riscv-none-embed/lib/rv32imacxw/ilp32\libg_nano.a(lib_a-readr.o)
                0x0000000000002532                _read_r
 .text._close   0x000000000000255e        0xc c:/mounriver/mounriver_studio/toolchain/risc-v embedded gcc/bin/../lib/gcc/riscv-none-embed/8.2.0/../../../../riscv-none-embed/lib/rv32imacxw/ilp32\libnosys.a(close.o)
                0x000000000000255e                _close
 .text._fstat   0x000000000000256a        0xc c:/mounriver/mounriver_studio/toolchain/risc-v embedded gcc/bin/../lib/gcc/riscv-none-embed/8.2.0/../../../../riscv-none-embed/lib/rv32imacxw/ilp32\libnosys.a(fstat.o)
                0x000000000000256a                _fstat
 .text._isatty  0x0000000000002576        0xc c:/mounriver/mounriver_studio/toolchain/risc-v embedded gcc/bin/../lib/gcc/riscv-none-embed/8.2.0/../../../../riscv-none-embed/lib/rv32imacxw/ilp32\libnosys.a(isatty.o)
                0x0000000000002576                _isatty
 .text._lseek   0x0000000000002582        0xc c:/mounriver/mounriver_studio/toolchain/risc-v embedded gcc/bin/../lib/gcc/riscv-none-embed/8.2.0/../../../../riscv-none-embed/lib/rv32imacxw/ilp32\libnosys.a(lseek.o)
                0x0000000000002582                _lseek
 .text._read    0x000000000000258e        0xc c:/mounriver/mounriver_studio/toolchain/risc-v embedded gcc/bin/../lib/gcc/riscv-none-embed/8.2.0/../../../../riscv-none-embed/lib/rv32imacxw/ilp32\libnosys.a(read.o)
                0x000000000000258e                _read
 *(.rodata)
 *fill*         0x000000000000259a        0x2 
 .rodata        0x000000000000259c       0x12 ./User/main.o
 *(.rodata*)
 *fill*         0x00000000000025ae        0x2 
 .rodata.UAVCAN_ErrorHandler.str1.4
                0x00000000000025b0       0x16 ./User/main.o
 *fill*         0x00000000000025c6        0x2 
 .rodata.UAVCAN_MessageHandler.str1.4
                0x00000000000025c8       0x71 ./User/main.o
 *fill*         0x0000000000002639        0x3 
 .rodata.main.str1.4
                0x000000000000263c       0x98 ./User/main.o
 .rodata.__sf_fake_stderr
                0x00000000000026d4       0x20 c:/mounriver/mounriver_studio/toolchain/risc-v embedded gcc/bin/../lib/gcc/riscv-none-embed/8.2.0/../../../../riscv-none-embed/lib/rv32imacxw/ilp32\libg_nano.a(lib_a-findfp.o)
                0x00000000000026d4                __sf_fake_stderr
 .rodata.__sf_fake_stdin
                0x00000000000026f4       0x20 c:/mounriver/mounriver_studio/toolchain/risc-v embedded gcc/bin/../lib/gcc/riscv-none-embed/8.2.0/../../../../riscv-none-embed/lib/rv32imacxw/ilp32\libg_nano.a(lib_a-findfp.o)
                0x00000000000026f4                __sf_fake_stdin
 .rodata.__sf_fake_stdout
                0x0000000000002714       0x20 c:/mounriver/mounriver_studio/toolchain/risc-v embedded gcc/bin/../lib/gcc/riscv-none-embed/8.2.0/../../../../riscv-none-embed/lib/rv32imacxw/ilp32\libg_nano.a(lib_a-findfp.o)
                0x0000000000002714                __sf_fake_stdout
 .rodata._vfprintf_r.str1.4
                0x0000000000002734       0x13 c:/mounriver/mounriver_studio/toolchain/risc-v embedded gcc/bin/../lib/gcc/riscv-none-embed/8.2.0/../../../../riscv-none-embed/lib/rv32imacxw/ilp32\libg_nano.a(lib_a-nano-vfprintf.o)
 *fill*         0x0000000000002747        0x1 
 .rodata._printf_i.str1.4
                0x0000000000002748       0x28 c:/mounriver/mounriver_studio/toolchain/risc-v embedded gcc/bin/../lib/gcc/riscv-none-embed/8.2.0/../../../../riscv-none-embed/lib/rv32imacxw/ilp32\libg_nano.a(lib_a-nano-vfprintf_i.o)
                                         0x25 (size before relaxing)
 *(.gnu.linkonce.t.*)
                0x0000000000002770                . = ALIGN (0x4)

.rela.dyn       0x0000000000002770        0x0
 .rela.init     0x0000000000002770        0x0 ./User/UAVCAN4PX4.o
 .rela.vector   0x0000000000002770        0x0 ./User/UAVCAN4PX4.o
 .rela.text.handle_reset
                0x0000000000002770        0x0 ./User/UAVCAN4PX4.o
 .rela.text._sbrk
                0x0000000000002770        0x0 ./User/UAVCAN4PX4.o
 .rela.sdata.curbrk.4672
                0x0000000000002770        0x0 ./User/UAVCAN4PX4.o
 .rela.text._vfprintf_r
                0x0000000000002770        0x0 ./User/UAVCAN4PX4.o
 .rela.text._sbrk_r
                0x0000000000002770        0x0 ./User/UAVCAN4PX4.o
 .rela.text._write_r
                0x0000000000002770        0x0 ./User/UAVCAN4PX4.o
 .rela.text._close_r
                0x0000000000002770        0x0 ./User/UAVCAN4PX4.o
 .rela.text._fstat_r
                0x0000000000002770        0x0 ./User/UAVCAN4PX4.o
 .rela.text._isatty_r
                0x0000000000002770        0x0 ./User/UAVCAN4PX4.o
 .rela.text._lseek_r
                0x0000000000002770        0x0 ./User/UAVCAN4PX4.o
 .rela.text._read_r
                0x0000000000002770        0x0 ./User/UAVCAN4PX4.o
 .rela.text._close
                0x0000000000002770        0x0 ./User/UAVCAN4PX4.o
 .rela.text._fstat
                0x0000000000002770        0x0 ./User/UAVCAN4PX4.o
 .rela.text._isatty
                0x0000000000002770        0x0 ./User/UAVCAN4PX4.o
 .rela.text._lseek
                0x0000000000002770        0x0 ./User/UAVCAN4PX4.o
 .rela.text._read
                0x0000000000002770        0x0 ./User/UAVCAN4PX4.o

.fini           0x0000000000002770        0x0
 *(SORT_NONE(.fini))
                0x0000000000002770                . = ALIGN (0x4)
                [!provide]                        PROVIDE (_etext = .)
                [!provide]                        PROVIDE (_eitcm = .)

.preinit_array  0x0000000000002770        0x0
                [!provide]                        PROVIDE (__preinit_array_start = .)
 *(.preinit_array)
                [!provide]                        PROVIDE (__preinit_array_end = .)

.init_array     0x0000000000002770        0x0
                [!provide]                        PROVIDE (__init_array_start = .)
 *(SORT_BY_INIT_PRIORITY(.init_array.*) SORT_BY_INIT_PRIORITY(.ctors.*))
 *(.init_array EXCLUDE_FILE(*crtend?.o *crtend.o *crtbegin?.o *crtbegin.o) .ctors)
                [!provide]                        PROVIDE (__init_array_end = .)

.fini_array     0x0000000000002770        0x0
                [!provide]                        PROVIDE (__fini_array_start = .)
 *(SORT_BY_INIT_PRIORITY(.fini_array.*) SORT_BY_INIT_PRIORITY(.dtors.*))
 *(.fini_array EXCLUDE_FILE(*crtend?.o *crtend.o *crtbegin?.o *crtbegin.o) .dtors)
                [!provide]                        PROVIDE (__fini_array_end = .)

.ctors
 *crtbegin.o(.ctors)
 *crtbegin?.o(.ctors)
 *(EXCLUDE_FILE(*crtend?.o *crtend.o) .ctors)
 *(SORT_BY_NAME(.ctors.*))
 *(.ctors)

.dtors
 *crtbegin.o(.dtors)
 *crtbegin?.o(.dtors)
 *(EXCLUDE_FILE(*crtend?.o *crtend.o) .dtors)
 *(SORT_BY_NAME(.dtors.*))
 *(.dtors)

.dalign         0x0000000020000000        0x0 load address 0x0000000000002770
                0x0000000020000000                . = ALIGN (0x4)
                0x0000000020000000                PROVIDE (_data_vma = .)

.dlalign        0x0000000000002770        0x0
                0x0000000000002770                . = ALIGN (0x4)
                0x0000000000002770                PROVIDE (_data_lma = .)

.data           0x0000000020000000       0xe8 load address 0x0000000000002770
 *(.gnu.linkonce.r.*)
 *(.data .data.*)
 .data.node_info
                0x0000000020000000       0x50 ./User/main.o
 .data.AHBPrescTable
                0x0000000020000050       0x10 ./User/system_ch32v20x.o
                0x0000000020000050                AHBPrescTable
 .data.APBAHBPrescTable
                0x0000000020000060       0x10 ./Peripheral/src/ch32v20x_rcc.o
 .data.impure_data
                0x0000000020000070       0x60 c:/mounriver/mounriver_studio/toolchain/risc-v embedded gcc/bin/../lib/gcc/riscv-none-embed/8.2.0/../../../../riscv-none-embed/lib/rv32imacxw/ilp32\libg_nano.a(lib_a-impure.o)
 *(.gnu.linkonce.d.*)
                0x00000000200000d0                . = ALIGN (0x8)
                0x00000000200008d0                PROVIDE (__global_pointer$ = (. + 0x800))
 *(.sdata .sdata.*)
 .sdata.uavcan_node_id
                0x00000000200000d0        0x1 ./User/UAVCAN4PX4.o
 *fill*         0x00000000200000d1        0x3 
 .sdata.SystemCoreClock
                0x00000000200000d4        0x4 ./User/system_ch32v20x.o
                0x00000000200000d4                SystemCoreClock
 .sdata.ADCPrescTable
                0x00000000200000d8        0x4 ./Peripheral/src/ch32v20x_rcc.o
 .sdata.curbrk.4672
                0x00000000200000dc        0x4 ./Debug/debug.o
 .sdata._impure_ptr
                0x00000000200000e0        0x4 c:/mounriver/mounriver_studio/toolchain/risc-v embedded gcc/bin/../lib/gcc/riscv-none-embed/8.2.0/../../../../riscv-none-embed/lib/rv32imacxw/ilp32\libg_nano.a(lib_a-impure.o)
                0x00000000200000e0                _impure_ptr
 *(.sdata2.*)
 .sdata2._global_impure_ptr
                0x00000000200000e4        0x4 c:/mounriver/mounriver_studio/toolchain/risc-v embedded gcc/bin/../lib/gcc/riscv-none-embed/8.2.0/../../../../riscv-none-embed/lib/rv32imacxw/ilp32\libg_nano.a(lib_a-impure.o)
                0x00000000200000e4                _global_impure_ptr
 *(.gnu.linkonce.s.*)
                0x00000000200000e8                . = ALIGN (0x8)
 *(.srodata.cst16)
 *(.srodata.cst8)
 *(.srodata.cst4)
 *(.srodata.cst2)
 *(.srodata .srodata.*)
                0x00000000200000e8                . = ALIGN (0x4)
                0x00000000200000e8                PROVIDE (_edata = .)

.bss            0x00000000200000e8       0x34 load address 0x0000000000002858
                0x00000000200000e8                . = ALIGN (0x4)
                0x00000000200000e8                PROVIDE (_sbss = .)
 *(.sbss*)
 .sbss.dummy_time.5040
                0x00000000200000e8        0x4 ./User/UAVCAN4PX4.o
 .sbss.error_handler
                0x00000000200000ec        0x4 ./User/UAVCAN4PX4.o
 .sbss.message_handler
                0x00000000200000f0        0x4 ./User/UAVCAN4PX4.o
 .sbss.uavcan_transfer_id
                0x00000000200000f4        0x4 ./User/UAVCAN4PX4.o
 .sbss.MCU_Version
                0x00000000200000f8        0x1 ./Peripheral/src/ch32v20x_gpio.o
                0x00000000200000f8                MCU_Version
 *fill*         0x00000000200000f9        0x3 
 .sbss.NVIC_Priority_Group
                0x00000000200000fc        0x4 ./Peripheral/src/ch32v20x_misc.o
                0x00000000200000fc                NVIC_Priority_Group
 .sbss.p_ms     0x0000000020000100        0x2 ./Debug/debug.o
 .sbss.p_us     0x0000000020000102        0x1 ./Debug/debug.o
 *fill*         0x0000000020000103        0x1 
 .sbss.__malloc_free_list
                0x0000000020000104        0x4 c:/mounriver/mounriver_studio/toolchain/risc-v embedded gcc/bin/../lib/gcc/riscv-none-embed/8.2.0/../../../../riscv-none-embed/lib/rv32imacxw/ilp32\libg_nano.a(lib_a-nano-mallocr.o)
                0x0000000020000104                __malloc_free_list
 .sbss.__malloc_sbrk_start
                0x0000000020000108        0x4 c:/mounriver/mounriver_studio/toolchain/risc-v embedded gcc/bin/../lib/gcc/riscv-none-embed/8.2.0/../../../../riscv-none-embed/lib/rv32imacxw/ilp32\libg_nano.a(lib_a-nano-mallocr.o)
                0x0000000020000108                __malloc_sbrk_start
 *(.gnu.linkonce.sb.*)
 *(.bss*)
 .bss.uavcan_ctrl
                0x000000002000010c        0xc ./User/main.o
 *(.gnu.linkonce.b.*)
 *(COMMON*)
 COMMON         0x0000000020000118        0x4 c:/mounriver/mounriver_studio/toolchain/risc-v embedded gcc/bin/../lib/gcc/riscv-none-embed/8.2.0/../../../../riscv-none-embed/lib/rv32imacxw/ilp32\libg_nano.a(lib_a-reent.o)
                0x0000000020000118                errno
                0x000000002000011c                . = ALIGN (0x4)
                0x000000002000011c                PROVIDE (_ebss = .)
                0x000000002000011c                PROVIDE (_end = _ebss)
                [!provide]                        PROVIDE (end = .)

.stack          0x0000000020004800      0x800
                0x0000000020004800                PROVIDE (_heap_end = .)
                0x0000000020004800                . = ALIGN (0x4)
                [!provide]                        PROVIDE (_susrstack = .)
                0x0000000020005000                . = (. + __stack_size)
 *fill*         0x0000000020004800      0x800 
                0x0000000020005000                PROVIDE (_eusrstack = .)
OUTPUT(UAVCAN_Controller.elf elf32-littleriscv)

.debug_info     0x0000000000000000     0xfb9c
 .debug_info    0x0000000000000000     0x1c58 ./User/UAVCAN4PX4.o
 .debug_info    0x0000000000001c58      0xbc0 ./User/ch32v20x_it.o
 .debug_info    0x0000000000002818     0x191a ./User/main.o
 .debug_info    0x0000000000004132      0xb89 ./User/system_ch32v20x.o
 .debug_info    0x0000000000004cbb       0x22 ./Startup/startup_ch32v20x_D6.o
 .debug_info    0x0000000000004cdd     0x181a ./Peripheral/src/ch32v20x_can.o
 .debug_info    0x00000000000064f7      0xab3 ./Peripheral/src/ch32v20x_crc.o
 .debug_info    0x0000000000006faa      0xa94 ./Peripheral/src/ch32v20x_dbgmcu.o
 .debug_info    0x0000000000007a3e     0x1354 ./Peripheral/src/ch32v20x_gpio.o
 .debug_info    0x0000000000008d92      0xe6c ./Peripheral/src/ch32v20x_misc.o
 .debug_info    0x0000000000009bfe     0x1273 ./Peripheral/src/ch32v20x_rcc.o
 .debug_info    0x000000000000ae71     0x2abe ./Peripheral/src/ch32v20x_tim.o
 .debug_info    0x000000000000d92f     0x1340 ./Peripheral/src/ch32v20x_usart.o
 .debug_info    0x000000000000ec6f      0xf2d ./Debug/debug.o

.debug_abbrev   0x0000000000000000     0x299e
 .debug_abbrev  0x0000000000000000      0x449 ./User/UAVCAN4PX4.o
 .debug_abbrev  0x0000000000000449      0x22c ./User/ch32v20x_it.o
 .debug_abbrev  0x0000000000000675      0x35b ./User/main.o
 .debug_abbrev  0x00000000000009d0      0x2c0 ./User/system_ch32v20x.o
 .debug_abbrev  0x0000000000000c90       0x12 ./Startup/startup_ch32v20x_D6.o
 .debug_abbrev  0x0000000000000ca2      0x3fa ./Peripheral/src/ch32v20x_can.o
 .debug_abbrev  0x000000000000109c      0x25f ./Peripheral/src/ch32v20x_crc.o
 .debug_abbrev  0x00000000000012fb      0x2f7 ./Peripheral/src/ch32v20x_dbgmcu.o
 .debug_abbrev  0x00000000000015f2      0x34b ./Peripheral/src/ch32v20x_gpio.o
 .debug_abbrev  0x000000000000193d      0x2ea ./Peripheral/src/ch32v20x_misc.o
 .debug_abbrev  0x0000000000001c27      0x36b ./Peripheral/src/ch32v20x_rcc.o
 .debug_abbrev  0x0000000000001f92      0x418 ./Peripheral/src/ch32v20x_tim.o
 .debug_abbrev  0x00000000000023aa      0x312 ./Peripheral/src/ch32v20x_usart.o
 .debug_abbrev  0x00000000000026bc      0x2e2 ./Debug/debug.o

.debug_loc      0x0000000000000000     0x4214
 .debug_loc     0x0000000000000000      0x40d ./User/UAVCAN4PX4.o
 .debug_loc     0x000000000000040d       0xd2 ./User/main.o
 .debug_loc     0x00000000000004df       0xac ./User/system_ch32v20x.o
 .debug_loc     0x000000000000058b      0x999 ./Peripheral/src/ch32v20x_can.o
 .debug_loc     0x0000000000000f24       0x75 ./Peripheral/src/ch32v20x_crc.o
 .debug_loc     0x0000000000000f99       0x7c ./Peripheral/src/ch32v20x_dbgmcu.o
 .debug_loc     0x0000000000001015      0x8a1 ./Peripheral/src/ch32v20x_gpio.o
 .debug_loc     0x00000000000018b6       0x2d ./Peripheral/src/ch32v20x_misc.o
 .debug_loc     0x00000000000018e3      0x797 ./Peripheral/src/ch32v20x_rcc.o
 .debug_loc     0x000000000000207a     0x190e ./Peripheral/src/ch32v20x_tim.o
 .debug_loc     0x0000000000003988      0x715 ./Peripheral/src/ch32v20x_usart.o
 .debug_loc     0x000000000000409d      0x177 ./Debug/debug.o

.debug_aranges  0x0000000000000000      0x8a8
 .debug_aranges
                0x0000000000000000       0x60 ./User/UAVCAN4PX4.o
 .debug_aranges
                0x0000000000000060       0x28 ./User/ch32v20x_it.o
 .debug_aranges
                0x0000000000000088       0x48 ./User/main.o
 .debug_aranges
                0x00000000000000d0       0x28 ./User/system_ch32v20x.o
 .debug_aranges
                0x00000000000000f8       0x30 ./Startup/startup_ch32v20x_D6.o
 .debug_aranges
                0x0000000000000128       0xd8 ./Peripheral/src/ch32v20x_can.o
 .debug_aranges
                0x0000000000000200       0x48 ./Peripheral/src/ch32v20x_crc.o
 .debug_aranges
                0x0000000000000248       0x48 ./Peripheral/src/ch32v20x_dbgmcu.o
 .debug_aranges
                0x0000000000000290       0xb0 ./Peripheral/src/ch32v20x_gpio.o
 .debug_aranges
                0x0000000000000340       0x28 ./Peripheral/src/ch32v20x_misc.o
 .debug_aranges
                0x0000000000000368      0x130 ./Peripheral/src/ch32v20x_rcc.o
 .debug_aranges
                0x0000000000000498      0x2d0 ./Peripheral/src/ch32v20x_tim.o
 .debug_aranges
                0x0000000000000768       0xf0 ./Peripheral/src/ch32v20x_usart.o
 .debug_aranges
                0x0000000000000858       0x50 ./Debug/debug.o

.debug_ranges   0x0000000000000000      0xa80
 .debug_ranges  0x0000000000000000      0x1d8 ./User/UAVCAN4PX4.o
 .debug_ranges  0x00000000000001d8       0x18 ./User/ch32v20x_it.o
 .debug_ranges  0x00000000000001f0       0x98 ./User/main.o
 .debug_ranges  0x0000000000000288       0x38 ./User/system_ch32v20x.o
 .debug_ranges  0x00000000000002c0       0x28 ./Startup/startup_ch32v20x_D6.o
 .debug_ranges  0x00000000000002e8       0xf8 ./Peripheral/src/ch32v20x_can.o
 .debug_ranges  0x00000000000003e0       0x38 ./Peripheral/src/ch32v20x_crc.o
 .debug_ranges  0x0000000000000418       0x50 ./Peripheral/src/ch32v20x_dbgmcu.o
 .debug_ranges  0x0000000000000468       0xa0 ./Peripheral/src/ch32v20x_gpio.o
 .debug_ranges  0x0000000000000508       0x48 ./Peripheral/src/ch32v20x_misc.o
 .debug_ranges  0x0000000000000550      0x120 ./Peripheral/src/ch32v20x_rcc.o
 .debug_ranges  0x0000000000000670      0x2f0 ./Peripheral/src/ch32v20x_tim.o
 .debug_ranges  0x0000000000000960       0xe0 ./Peripheral/src/ch32v20x_usart.o
 .debug_ranges  0x0000000000000a40       0x40 ./Debug/debug.o

.debug_line     0x0000000000000000     0xb5c6
 .debug_line    0x0000000000000000      0xdf6 ./User/UAVCAN4PX4.o
 .debug_line    0x0000000000000df6      0x2b0 ./User/ch32v20x_it.o
 .debug_line    0x00000000000010a6      0x8d1 ./User/main.o
 .debug_line    0x0000000000001977      0x6c0 ./User/system_ch32v20x.o
 .debug_line    0x0000000000002037      0x121 ./Startup/startup_ch32v20x_D6.o
 .debug_line    0x0000000000002158     0x1a89 ./Peripheral/src/ch32v20x_can.o
 .debug_line    0x0000000000003be1      0x3c8 ./Peripheral/src/ch32v20x_crc.o
 .debug_line    0x0000000000003fa9      0x38b ./Peripheral/src/ch32v20x_dbgmcu.o
 .debug_line    0x0000000000004334     0x161e ./Peripheral/src/ch32v20x_gpio.o
 .debug_line    0x0000000000005952      0x3f0 ./Peripheral/src/ch32v20x_misc.o
 .debug_line    0x0000000000005d42     0x11a6 ./Peripheral/src/ch32v20x_rcc.o
 .debug_line    0x0000000000006ee8     0x3103 ./Peripheral/src/ch32v20x_tim.o
 .debug_line    0x0000000000009feb      0xe89 ./Peripheral/src/ch32v20x_usart.o
 .debug_line    0x000000000000ae74      0x752 ./Debug/debug.o

.debug_str      0x0000000000000000     0x31fe
 .debug_str     0x0000000000000000     0x10de ./User/UAVCAN4PX4.o
                                       0x11c1 (size before relaxing)
 .debug_str     0x00000000000010de       0xb0 ./User/ch32v20x_it.o
                                        0x688 (size before relaxing)
 .debug_str     0x000000000000118e      0x377 ./User/main.o
                                        0xf61 (size before relaxing)
 .debug_str     0x0000000000001505       0xf5 ./User/system_ch32v20x.o
                                        0x6cf (size before relaxing)
 .debug_str     0x00000000000015fa       0x2d ./Startup/startup_ch32v20x_D6.o
                                         0x6c (size before relaxing)
 .debug_str     0x0000000000001627      0x299 ./Peripheral/src/ch32v20x_can.o
                                        0xbbe (size before relaxing)
 .debug_str     0x00000000000018c0       0x98 ./Peripheral/src/ch32v20x_crc.o
                                        0x67e (size before relaxing)
 .debug_str     0x0000000000001958       0x7e ./Peripheral/src/ch32v20x_dbgmcu.o
                                        0x649 (size before relaxing)
 .debug_str     0x00000000000019d6      0x22b ./Peripheral/src/ch32v20x_gpio.o
                                        0x9bf (size before relaxing)
 .debug_str     0x0000000000001c01      0x3f8 ./Peripheral/src/ch32v20x_misc.o
                                        0xa81 (size before relaxing)
 .debug_str     0x0000000000001ff9      0x393 ./Peripheral/src/ch32v20x_rcc.o
                                        0xad1 (size before relaxing)
 .debug_str     0x000000000000238c      0xa17 ./Peripheral/src/ch32v20x_tim.o
                                       0x12bc (size before relaxing)
 .debug_str     0x0000000000002da3      0x3e3 ./Peripheral/src/ch32v20x_usart.o
                                        0xaed (size before relaxing)
 .debug_str     0x0000000000003186       0x78 ./Debug/debug.o
                                        0x914 (size before relaxing)

.comment        0x0000000000000000       0x33
 .comment       0x0000000000000000       0x33 ./User/UAVCAN4PX4.o
                                         0x34 (size before relaxing)
 .comment       0x0000000000000033       0x34 ./User/ch32v20x_it.o
 .comment       0x0000000000000033       0x34 ./User/main.o
 .comment       0x0000000000000033       0x34 ./User/system_ch32v20x.o
 .comment       0x0000000000000033       0x34 ./Peripheral/src/ch32v20x_can.o
 .comment       0x0000000000000033       0x34 ./Peripheral/src/ch32v20x_crc.o
 .comment       0x0000000000000033       0x34 ./Peripheral/src/ch32v20x_dbgmcu.o
 .comment       0x0000000000000033       0x34 ./Peripheral/src/ch32v20x_gpio.o
 .comment       0x0000000000000033       0x34 ./Peripheral/src/ch32v20x_misc.o
 .comment       0x0000000000000033       0x34 ./Peripheral/src/ch32v20x_rcc.o
 .comment       0x0000000000000033       0x34 ./Peripheral/src/ch32v20x_tim.o
 .comment       0x0000000000000033       0x34 ./Peripheral/src/ch32v20x_usart.o
 .comment       0x0000000000000033       0x34 ./Debug/debug.o

.debug_frame    0x0000000000000000     0x1ae8
 .debug_frame   0x0000000000000000      0x150 ./User/UAVCAN4PX4.o
 .debug_frame   0x0000000000000150       0x30 ./User/ch32v20x_it.o
 .debug_frame   0x0000000000000180       0xd8 ./User/main.o
 .debug_frame   0x0000000000000258       0x3c ./User/system_ch32v20x.o
 .debug_frame   0x0000000000000294      0x19c ./Peripheral/src/ch32v20x_can.o
 .debug_frame   0x0000000000000430       0x70 ./Peripheral/src/ch32v20x_crc.o
 .debug_frame   0x00000000000004a0       0x70 ./Peripheral/src/ch32v20x_dbgmcu.o
 .debug_frame   0x0000000000000510      0x170 ./Peripheral/src/ch32v20x_gpio.o
 .debug_frame   0x0000000000000680       0x30 ./Peripheral/src/ch32v20x_misc.o
 .debug_frame   0x00000000000006b0      0x254 ./Peripheral/src/ch32v20x_rcc.o
 .debug_frame   0x0000000000000904      0x614 ./Peripheral/src/ch32v20x_tim.o
 .debug_frame   0x0000000000000f18      0x1e4 ./Peripheral/src/ch32v20x_usart.o
 .debug_frame   0x00000000000010fc       0xb8 ./Debug/debug.o
 .debug_frame   0x00000000000011b4       0x20 c:/mounriver/mounriver_studio/toolchain/risc-v embedded gcc/bin/../lib/gcc/riscv-none-embed/8.2.0/../../../../riscv-none-embed/lib/rv32imacxw/ilp32\libg_nano.a(lib_a-memcpy.o)
 .debug_frame   0x00000000000011d4       0x54 c:/mounriver/mounriver_studio/toolchain/risc-v embedded gcc/bin/../lib/gcc/riscv-none-embed/8.2.0/../../../../riscv-none-embed/lib/rv32imacxw/ilp32\libg_nano.a(lib_a-printf.o)
 .debug_frame   0x0000000000001228       0x54 c:/mounriver/mounriver_studio/toolchain/risc-v embedded gcc/bin/../lib/gcc/riscv-none-embed/8.2.0/../../../../riscv-none-embed/lib/rv32imacxw/ilp32\libg_nano.a(lib_a-puts.o)
 .debug_frame   0x000000000000127c       0x50 c:/mounriver/mounriver_studio/toolchain/risc-v embedded gcc/bin/../lib/gcc/riscv-none-embed/8.2.0/../../../../riscv-none-embed/lib/rv32imacxw/ilp32\libg_nano.a(lib_a-wbuf.o)
 .debug_frame   0x00000000000012cc       0x3c c:/mounriver/mounriver_studio/toolchain/risc-v embedded gcc/bin/../lib/gcc/riscv-none-embed/8.2.0/../../../../riscv-none-embed/lib/rv32imacxw/ilp32\libg_nano.a(lib_a-wsetup.o)
 .debug_frame   0x0000000000001308       0x7c c:/mounriver/mounriver_studio/toolchain/risc-v embedded gcc/bin/../lib/gcc/riscv-none-embed/8.2.0/../../../../riscv-none-embed/lib/rv32imacxw/ilp32\libg_nano.a(lib_a-fflush.o)
 .debug_frame   0x0000000000001384      0x148 c:/mounriver/mounriver_studio/toolchain/risc-v embedded gcc/bin/../lib/gcc/riscv-none-embed/8.2.0/../../../../riscv-none-embed/lib/rv32imacxw/ilp32\libg_nano.a(lib_a-findfp.o)
 .debug_frame   0x00000000000014cc       0x88 c:/mounriver/mounriver_studio/toolchain/risc-v embedded gcc/bin/../lib/gcc/riscv-none-embed/8.2.0/../../../../riscv-none-embed/lib/rv32imacxw/ilp32\libg_nano.a(lib_a-fwalk.o)
 .debug_frame   0x0000000000001554       0x64 c:/mounriver/mounriver_studio/toolchain/risc-v embedded gcc/bin/../lib/gcc/riscv-none-embed/8.2.0/../../../../riscv-none-embed/lib/rv32imacxw/ilp32\libg_nano.a(lib_a-makebuf.o)
 .debug_frame   0x00000000000015b8       0x40 c:/mounriver/mounriver_studio/toolchain/risc-v embedded gcc/bin/../lib/gcc/riscv-none-embed/8.2.0/../../../../riscv-none-embed/lib/rv32imacxw/ilp32\libg_nano.a(lib_a-nano-freer.o)
 .debug_frame   0x00000000000015f8       0x40 c:/mounriver/mounriver_studio/toolchain/risc-v embedded gcc/bin/../lib/gcc/riscv-none-embed/8.2.0/../../../../riscv-none-embed/lib/rv32imacxw/ilp32\libg_nano.a(lib_a-nano-mallocr.o)
 .debug_frame   0x0000000000001638       0xd0 c:/mounriver/mounriver_studio/toolchain/risc-v embedded gcc/bin/../lib/gcc/riscv-none-embed/8.2.0/../../../../riscv-none-embed/lib/rv32imacxw/ilp32\libg_nano.a(lib_a-nano-vfprintf.o)
 .debug_frame   0x0000000000001708       0x8c c:/mounriver/mounriver_studio/toolchain/risc-v embedded gcc/bin/../lib/gcc/riscv-none-embed/8.2.0/../../../../riscv-none-embed/lib/rv32imacxw/ilp32\libg_nano.a(lib_a-nano-vfprintf_i.o)
 .debug_frame   0x0000000000001794       0x30 c:/mounriver/mounriver_studio/toolchain/risc-v embedded gcc/bin/../lib/gcc/riscv-none-embed/8.2.0/../../../../riscv-none-embed/lib/rv32imacxw/ilp32\libg_nano.a(lib_a-sbrkr.o)
 .debug_frame   0x00000000000017c4       0xa4 c:/mounriver/mounriver_studio/toolchain/risc-v embedded gcc/bin/../lib/gcc/riscv-none-embed/8.2.0/../../../../riscv-none-embed/lib/rv32imacxw/ilp32\libg_nano.a(lib_a-stdio.o)
 .debug_frame   0x0000000000001868       0x30 c:/mounriver/mounriver_studio/toolchain/risc-v embedded gcc/bin/../lib/gcc/riscv-none-embed/8.2.0/../../../../riscv-none-embed/lib/rv32imacxw/ilp32\libg_nano.a(lib_a-writer.o)
 .debug_frame   0x0000000000001898       0x30 c:/mounriver/mounriver_studio/toolchain/risc-v embedded gcc/bin/../lib/gcc/riscv-none-embed/8.2.0/../../../../riscv-none-embed/lib/rv32imacxw/ilp32\libg_nano.a(lib_a-closer.o)
 .debug_frame   0x00000000000018c8       0x30 c:/mounriver/mounriver_studio/toolchain/risc-v embedded gcc/bin/../lib/gcc/riscv-none-embed/8.2.0/../../../../riscv-none-embed/lib/rv32imacxw/ilp32\libg_nano.a(lib_a-fstatr.o)
 .debug_frame   0x00000000000018f8       0x30 c:/mounriver/mounriver_studio/toolchain/risc-v embedded gcc/bin/../lib/gcc/riscv-none-embed/8.2.0/../../../../riscv-none-embed/lib/rv32imacxw/ilp32\libg_nano.a(lib_a-isattyr.o)
 .debug_frame   0x0000000000001928       0x30 c:/mounriver/mounriver_studio/toolchain/risc-v embedded gcc/bin/../lib/gcc/riscv-none-embed/8.2.0/../../../../riscv-none-embed/lib/rv32imacxw/ilp32\libg_nano.a(lib_a-lseekr.o)
 .debug_frame   0x0000000000001958       0x20 c:/mounriver/mounriver_studio/toolchain/risc-v embedded gcc/bin/../lib/gcc/riscv-none-embed/8.2.0/../../../../riscv-none-embed/lib/rv32imacxw/ilp32\libg_nano.a(lib_a-memchr.o)
 .debug_frame   0x0000000000001978       0x30 c:/mounriver/mounriver_studio/toolchain/risc-v embedded gcc/bin/../lib/gcc/riscv-none-embed/8.2.0/../../../../riscv-none-embed/lib/rv32imacxw/ilp32\libg_nano.a(lib_a-mlock.o)
 .debug_frame   0x00000000000019a8       0x30 c:/mounriver/mounriver_studio/toolchain/risc-v embedded gcc/bin/../lib/gcc/riscv-none-embed/8.2.0/../../../../riscv-none-embed/lib/rv32imacxw/ilp32\libg_nano.a(lib_a-readr.o)
 .debug_frame   0x00000000000019d8       0x70 c:/mounriver/mounriver_studio/toolchain/risc-v embedded gcc/bin/../lib/gcc/riscv-none-embed/8.2.0/../../../../riscv-none-embed/lib/rv32imacxw/ilp32\libg_nano.a(lib_a-reent.o)
 .debug_frame   0x0000000000001a48       0x20 c:/mounriver/mounriver_studio/toolchain/risc-v embedded gcc/bin/../lib/gcc/riscv-none-embed/8.2.0/../../../../riscv-none-embed/lib/rv32imacxw/ilp32\libnosys.a(close.o)
 .debug_frame   0x0000000000001a68       0x20 c:/mounriver/mounriver_studio/toolchain/risc-v embedded gcc/bin/../lib/gcc/riscv-none-embed/8.2.0/../../../../riscv-none-embed/lib/rv32imacxw/ilp32\libnosys.a(fstat.o)
 .debug_frame   0x0000000000001a88       0x20 c:/mounriver/mounriver_studio/toolchain/risc-v embedded gcc/bin/../lib/gcc/riscv-none-embed/8.2.0/../../../../riscv-none-embed/lib/rv32imacxw/ilp32\libnosys.a(isatty.o)
 .debug_frame   0x0000000000001aa8       0x20 c:/mounriver/mounriver_studio/toolchain/risc-v embedded gcc/bin/../lib/gcc/riscv-none-embed/8.2.0/../../../../riscv-none-embed/lib/rv32imacxw/ilp32\libnosys.a(lseek.o)
 .debug_frame   0x0000000000001ac8       0x20 c:/mounriver/mounriver_studio/toolchain/risc-v embedded gcc/bin/../lib/gcc/riscv-none-embed/8.2.0/../../../../riscv-none-embed/lib/rv32imacxw/ilp32\libnosys.a(read.o)

.stab           0x0000000000000000       0x84
 .stab          0x0000000000000000       0x24 c:/mounriver/mounriver_studio/toolchain/risc-v embedded gcc/bin/../lib/gcc/riscv-none-embed/8.2.0/../../../../riscv-none-embed/lib/rv32imacxw/ilp32\libnosys.a(close.o)
 .stab          0x0000000000000024       0x18 c:/mounriver/mounriver_studio/toolchain/risc-v embedded gcc/bin/../lib/gcc/riscv-none-embed/8.2.0/../../../../riscv-none-embed/lib/rv32imacxw/ilp32\libnosys.a(fstat.o)
                                         0x24 (size before relaxing)
 .stab          0x000000000000003c       0x18 c:/mounriver/mounriver_studio/toolchain/risc-v embedded gcc/bin/../lib/gcc/riscv-none-embed/8.2.0/../../../../riscv-none-embed/lib/rv32imacxw/ilp32\libnosys.a(isatty.o)
                                         0x24 (size before relaxing)
 .stab          0x0000000000000054       0x18 c:/mounriver/mounriver_studio/toolchain/risc-v embedded gcc/bin/../lib/gcc/riscv-none-embed/8.2.0/../../../../riscv-none-embed/lib/rv32imacxw/ilp32\libnosys.a(lseek.o)
                                         0x24 (size before relaxing)
 .stab          0x000000000000006c       0x18 c:/mounriver/mounriver_studio/toolchain/risc-v embedded gcc/bin/../lib/gcc/riscv-none-embed/8.2.0/../../../../riscv-none-embed/lib/rv32imacxw/ilp32\libnosys.a(read.o)
                                         0x24 (size before relaxing)

.stabstr        0x0000000000000000      0x117
 .stabstr       0x0000000000000000      0x117 c:/mounriver/mounriver_studio/toolchain/risc-v embedded gcc/bin/../lib/gcc/riscv-none-embed/8.2.0/../../../../riscv-none-embed/lib/rv32imacxw/ilp32\libnosys.a(close.o)
